
Merging object attributes


There are no discarded input sections

Memory Configuration

Name             Origin             Length             Attributes
FLASH            0x08000000         0x00100000         xr
RAM              0x20000000         0x00020000         xrw
*default*        0x00000000         0xffffffff

Linker script and memory map

LOAD src/main.o
LOAD startup/startup_stm32f4.o
                0x20020000                        _estack = (ORIGIN (RAM) + LENGTH (RAM))

.isr_vector     0x08000000       0x40
                0x08000000                        . = ALIGN (0x4)
 *(.isr_vector)
 .isr_vector    0x08000000       0x40 startup/startup_stm32f4.o
                0x08000000                g_pfnVectors
                0x08000040                        . = ALIGN (0x4)

.text           0x08000040      0x130
                0x08000040                        . = ALIGN (0x4)
 *(.text)
 .text          0x08000040       0xdc src/main.o
                0x080000a8                main
 .text          0x0800011c        0x0 startup/startup_stm32f4.o
 *(.text*)
 .text.Reset_Handler
                0x0800011c       0x40 startup/startup_stm32f4.o
                0x0800011c                Reset_Handler
 .text.SysTick_Handler
                0x0800015c       0x10 startup/startup_stm32f4.o
                0x0800015c                SysTick_Handler
 .text.Default_Handler
                0x0800016c        0x2 startup/startup_stm32f4.o
                0x0800016c                BusFault_Handler
                0x0800016c                HardFault_Handler
                0x0800016c                PendSV_Handler
                0x0800016c                NMI_Handler
                0x0800016c                UsageFault_Handler
                0x0800016c                MemManage_Handler
                0x0800016c                SVC_Handler
                0x0800016c                DebugMon_Handler
 *(.glue_7)
 .glue_7        0x0800016e        0x0 linker stubs
 *(.glue_7t)
 .glue_7t       0x0800016e        0x0 linker stubs
                0x08000170                        . = ALIGN (0x4)
 *fill*         0x0800016e        0x2 

.vfp11_veneer   0x08000170        0x0
 .vfp11_veneer  0x08000170        0x0 linker stubs

.v4_bx          0x08000170        0x0
 .v4_bx         0x08000170        0x0 linker stubs

.iplt           0x08000170        0x0
 .iplt          0x08000170        0x0 src/main.o

.rodata         0x08000170       0x98
                0x08000170                        . = ALIGN (0x4)
 *(.rodata)
 .rodata        0x08000170       0x98 src/main.o
 *(.rodata*)
                0x08000208                        . = ALIGN (0x4)
                0x08000208                        _sidata = LOADADDR (.data)

.rel.dyn        0x08000208        0x0
 .rel.iplt      0x08000208        0x0 src/main.o

.data           0x20000000        0x4 load address 0x08000208
                0x20000000                        . = ALIGN (0x4)
                0x20000000                        _sdata = .
 *(.data)
 .data          0x20000000        0x4 src/main.o
                0x20000000                initialized
 .data          0x20000004        0x0 startup/startup_stm32f4.o
 *(.data*)
                0x20000004                        . = ALIGN (0x4)
                0x20000004                        _edata = .

.igot.plt       0x20000004        0x0 load address 0x0800020c
 .igot.plt      0x20000004        0x0 src/main.o

.bss            0x20000004        0x8 load address 0x0800020c
                0x20000004                        . = ALIGN (0x4)
                0x20000004                        _sbss = .
 *(.bss)
 .bss           0x20000004        0x8 src/main.o
                0x20000004                uninitialized
                0x20000008                systick_count
 .bss           0x2000000c        0x0 startup/startup_stm32f4.o
 *(.bss*)
 *(COMMON)
                0x2000000c                        . = ALIGN (0x4)
                0x2000000c                        _ebss = .
OUTPUT(firmware.elf elf32-littlearm)
LOAD linker stubs

.debug_info     0x00000000      0x23d
 .debug_info    0x00000000      0x189 src/main.o
 .debug_info    0x00000189       0xb4 startup/startup_stm32f4.o

.debug_abbrev   0x00000000      0x13c
 .debug_abbrev  0x00000000      0x116 src/main.o
 .debug_abbrev  0x00000116       0x26 startup/startup_stm32f4.o

.debug_aranges  0x00000000       0x50
 .debug_aranges
                0x00000000       0x20 src/main.o
 .debug_aranges
                0x00000020       0x30 startup/startup_stm32f4.o

.debug_line     0x00000000      0x1a2
 .debug_line    0x00000000      0x114 src/main.o
 .debug_line    0x00000114       0x8e startup/startup_stm32f4.o

.debug_str      0x00000000      0x24a
 .debug_str     0x00000000      0x24a src/main.o
                                0x1b9 (size before relaxing)
 .debug_str     0x0000024a        0x0 startup/startup_stm32f4.o
                                0x10c (size before relaxing)

.comment        0x00000000       0x12
 .comment       0x00000000       0x12 src/main.o
                                 0x13 (size before relaxing)

.ARM.attributes
                0x00000000       0x32
 .ARM.attributes
                0x00000000       0x34 src/main.o
 .ARM.attributes
                0x00000034       0x25 startup/startup_stm32f4.o

.debug_frame    0x00000000       0x9c
 .debug_frame   0x00000000       0x9c src/main.o

.debug_line_str
                0x00000000       0x50
 .debug_line_str
                0x00000000       0x50 startup/startup_stm32f4.o

.debug_rnglists
                0x00000000       0x1f
 .debug_rnglists
                0x00000000       0x1f startup/startup_stm32f4.o
